// Jest Snapshot v1, https://goo.gl/fbAQLP

exports[`User resolvers creates a user 1`] = `
Object {
  "data": null,
  "errors": Array [
    [GraphQLError: Cannot return null for non-nullable field Mutation.createUser.],
  ],
  "extensions": undefined,
  "http": Object {
    "headers": Headers {
      Symbol(map): Object {},
    },
  },
}
`;
